VALID: WEB-FASTAPI-REACT-KEYCLOAK-PG
VALID: WEB-REACT-VITE-STATIC
VALID: WEB-ANGULAR-STATIC
VALID: API-FASTAPI-STATELESS-OCI
VALID: API-FASTAPI-KEYCLOAK-PG-OCI
VALID: API-FASTAPI-ENTRA-PG-OCI
VALID: WEB-REACT-VITE-ENTRA-STATIC
VALID: API-FASTAPI-SIMULATED-OIDC-PG-OCI
VALID: WEB-REACT-VITE-SIMULATED-OIDC-STATIC
VALID: WEB-NEXTJS-SSR-NODE
VALID: WEB-ANGULAR-SSR-NODE
VALID: SYS-WEB-ANGULAR-FASTAPI-KEYCLOAK-PG
VALID: MSG-PYTHON-RABBITMQ-WORKER-OCI
VALID: STR-PYTHON-KAFKA-PROCESSOR-OCI
VALID: API-FASTAPI-LOCAL-AUTH-PG-OCI-PY313
VALID: WEB-REACT-VITE-LOCAL-AUTH-STATIC-TS59
VALID: WEB-FASTAPI-REACT-LOCAL-AUTH-PG-PY313-TS59
VALID: JOB-ALEMBIC-PG-OCI-PY313
VALID: API-FASTAPI-LOCAL-AUTH-PG-OCI-PY314
VALID: WEB-REACT-VITE-LOCAL-AUTH-STATIC-TS60
VALID: WEB-FASTAPI-REACT-LOCAL-AUTH-PG-PY314-TS60
VALID: JOB-ALEMBIC-PG-OCI-PY314
VALID: DATA-POSTGRES-OCI-PG18
