{
  "cases": [
    {
      "name": "visual_history",
      "blocked": null,
      "model_valid": false,
      "rows": 19,
      "active_rows": 18,
      "planning": "not-started"
    },
    {
      "name": "shared_increment",
      "blocked": null,
      "model_valid": false,
      "rows": 24,
      "active_rows": 18,
      "planning": "not-started"
    },
    {
      "name": "ready_single_task",
      "blocked": null,
      "model_valid": true,
      "rows": 43,
      "active_rows": 18,
      "planning": "partial"
    },
    {
      "name": "parallel_three_tasks",
      "blocked": null,
      "model_valid": true,
      "rows": 54,
      "active_rows": 27,
      "planning": "complete"
    },
    {
      "name": "calculator_partial",
      "blocked": null,
      "model_valid": true,
      "rows": 98,
      "active_rows": 73,
      "planning": "partial"
    },
    {
      "name": "two_profile_bindings",
      "blocked": null,
      "model_valid": true,
      "rows": 46,
      "active_rows": 20,
      "planning": "partial"
    }
  ],
  "source_changes": []
}
