START fast:test_contract_engine pid=41096
START integration:test_planning_continuity_v13 pid=3584
TEST test_contract_engine.ContractRegistryTests.test_packaged_catalog_and_schema_are_json
TEST test_contract_engine.ContractRegistryTests.test_registry_exposes_only_the_current_project_contract
TEST test_contract_engine.DiagnosticProjectionTests.test_structured_diagnostics_have_deduplicated_message_views
TEST test_contract_engine.ProjectModelTests.test_active_contract_excludes_foreign_scoped_trace_and_keeps_ux_details
TEST test_contract_engine.ProjectModelTests.test_active_fingerprint_excludes_rejected_assets
TEST test_contract_engine.ProjectModelTests.test_active_reference_to_historical_node_has_one_root_diagnostic
TEST test_contract_engine.ProjectModelTests.test_domain_matrix_is_required_for_each_declared_increment
TEST test_planning_continuity_v13.PlanningContinuityV13Tests.test_authorization_constraints_cannot_diverge_from_canonical_markdown
TEST test_contract_engine.ProjectModelTests.test_ids_in_narrative_cells_are_not_treated_as_relations
TEST test_contract_engine.ProjectModelTests.test_table_owner_and_state_policy_are_enforced
TEST test_contract_engine.ReferenceParserTests.test_canonical_ranges_and_lists_expand_inclusively
TEST test_contract_engine.ReferenceParserTests.test_invalid_ranges_are_atomic
TEST test_contract_engine.ReferenceParserTests.test_optional_cardinality_does_not_override_non_empty_contract
END fast:test_contract_engine status=0 duration=0.954s
TEST test_planning_continuity_v13.PlanningContinuityV13Tests.test_authorization_rejects_a_proposed_decision
TEST test_planning_continuity_v13.PlanningContinuityV13Tests.test_calculator_release_remains_partial_when_only_task_001_is_ready
TEST test_planning_continuity_v13.PlanningContinuityV13Tests.test_cancelled_dependency_does_not_unlock_task
TEST test_planning_continuity_v13.PlanningContinuityV13Tests.test_checkpoint_reconstructs_partial_blocked_and_independent_work
HEARTBEAT integration:test_planning_continuity_v13 elapsed=30.0s
TEST test_planning_continuity_v13.PlanningContinuityV13Tests.test_complete_plan_exposes_parallel_frontier_and_authorization
TEST test_planning_continuity_v13.PlanningContinuityV13Tests.test_coverage_rejects_contributors_outside_the_release_objective
TEST test_planning_continuity_v13.PlanningContinuityV13Tests.test_coverage_responsibility_change_stales_authorization
TEST test_planning_continuity_v13.PlanningContinuityV13Tests.test_critical_path_is_undetermined_without_confirmed_durations
TEST test_planning_continuity_v13.PlanningContinuityV13Tests.test_explanatory_pending_placeholder_is_not_executable_content
TEST test_planning_continuity_v13.PlanningContinuityV13Tests.test_incremental_policy_authorizes_only_the_explicit_ready_slice
TEST test_planning_continuity_v13.PlanningContinuityV13Tests.test_migrated_ready_task_keeps_workflow_but_loses_executable_readiness
TEST test_planning_continuity_v13.PlanningContinuityV13Tests.test_parallel_execution_start_preserves_existing_active_tasks
HEARTBEAT integration:test_planning_continuity_v13 elapsed=60.1s
TEST test_planning_continuity_v13.PlanningContinuityV13Tests.test_plan_change_stales_authorization_without_operational_noise
TEST test_planning_continuity_v13.PlanningContinuityV13Tests.test_plan_is_partial_when_binding_contract_cannot_be_loaded
TEST test_planning_continuity_v13.PlanningContinuityV13Tests.test_planning_change_rejects_unknown_classification_and_bad_hashes
TEST test_planning_continuity_v13.PlanningContinuityV13Tests.test_proposed_change_does_not_become_confirmed_impact
TEST test_planning_continuity_v13.PlanningContinuityV13Tests.test_readiness_cli_assesses_only_the_explicit_task_slice
TEST test_planning_continuity_v13.PlanningContinuityV13Tests.test_release_assessment_covers_every_declared_increment
TEST test_planning_continuity_v13.PlanningContinuityV13Tests.test_release_objective_with_unassigned_scope_is_partial
TEST test_planning_continuity_v13.PlanningContinuityV13Tests.test_scope_change_stales_planning_and_authorization
TEST test_planning_continuity_v13.PlanningContinuityV13Tests.test_task_capabilities_and_gates_must_belong_to_its_binding
TEST test_planning_continuity_v13.PlanningContinuityV13Tests.test_task_overlap_requires_explicit_contributor_responsibility
TEST test_planning_continuity_v13.PlanningContinuityV13Tests.test_verified_slice_does_not_invite_partial_release_promotion
END integration:test_planning_continuity_v13 status=0 duration=86.172s
